{
  "TC1": {
    "searchKeyWord": "Iphone"

  },

  "TC2": {
    "searchKeyWord": "LapTop"

  }
}